// Jest Snapshot v1, https://goo.gl/fbAQLP

exports[`renders correctly and without crashing 1`] = `
<div>
  <div>
    <h3
      class="m-0"
    >
      Five day weather forecast in: 
      <i>
        Ho Chi Minh City
      </i>
    </h3>
    <div
      class="weather-container row justify-content-center mt-5"
    >
      <div
        class="text-center mt-4 col-lg-2 col-md-4 col-sm-6 col-12"
      >
        <div
          class="border rounded p-3"
        >
          <p>
            Thursday
          </p>
          <img
            alt="Weather icon"
            class="w-50"
            src="https://www.metaweather.com/static/img/weather/lr.svg"
          />
          <p
            class="mt-3 mb-0"
          >
            Min: 
            27
          </p>
          <p
            class="mb-0"
          >
            Max: 
            36
          </p>
        </div>
      </div>
      <div
        class="text-center mt-4 col-lg-2 col-md-4 col-sm-6 col-12"
      >
        <div
          class="border rounded p-3"
        >
          <p>
            Friday
          </p>
          <img
            alt="Weather icon"
            class="w-50"
            src="https://www.metaweather.com/static/img/weather/lr.svg"
          />
          <p
            class="mt-3 mb-0"
          >
            Min: 
            27
          </p>
          <p
            class="mb-0"
          >
            Max: 
            35
          </p>
        </div>
      </div>
      <div
        class="text-center mt-4 col-lg-2 col-md-4 col-sm-6 col-12"
      >
        <div
          class="border rounded p-3"
        >
          <p>
            Saturday
          </p>
          <img
            alt="Weather icon"
            class="w-50"
            src="https://www.metaweather.com/static/img/weather/hr.svg"
          />
          <p
            class="mt-3 mb-0"
          >
            Min: 
            27
          </p>
          <p
            class="mb-0"
          >
            Max: 
            35
          </p>
        </div>
      </div>
      <div
        class="text-center mt-4 col-lg-2 col-md-4 col-sm-6 col-12"
      >
        <div
          class="border rounded p-3"
        >
          <p>
            Sunday
          </p>
          <img
            alt="Weather icon"
            class="w-50"
            src="https://www.metaweather.com/static/img/weather/s.svg"
          />
          <p
            class="mt-3 mb-0"
          >
            Min: 
            27
          </p>
          <p
            class="mb-0"
          >
            Max: 
            34
          </p>
        </div>
      </div>
      <div
        class="text-center mt-4 col-lg-2 col-md-4 col-sm-6 col-12"
      >
        <div
          class="border rounded p-3"
        >
          <p>
            Monday
          </p>
          <img
            alt="Weather icon"
            class="w-50"
            src="https://www.metaweather.com/static/img/weather/lr.svg"
          />
          <p
            class="mt-3 mb-0"
          >
            Min: 
            27
          </p>
          <p
            class="mb-0"
          >
            Max: 
            35
          </p>
        </div>
      </div>
    </div>
  </div>
</div>
`;
