// Jest Snapshot v1, https://goo.gl/fbAQLP

exports[`renders correctly and without crashing 1`] = `
<div>
  <div
    class="text-center mt-4 col-lg-2 col-md-4 col-sm-6 col-12"
  >
    <div
      class="border rounded p-3"
    >
      <p>
        Wednesday
      </p>
      <img
        alt="Weather icon"
        class="w-50"
        src="https://www.metaweather.com/static/img/weather/hr.svg"
      />
      <p
        class="mt-3 mb-0"
      >
        Min: 
        27
      </p>
      <p
        class="mb-0"
      >
        Max: 
        33
      </p>
    </div>
  </div>
</div>
`;
